// Jest Snapshot v1, https://goo.gl/fbAQLP

exports[`rawproto basic parsing 1`] = `
Array [
  Object {
    "path": Array [
      2,
    ],
    "value": Object {
      "Bytes": Array [
        85,
        110,
        107,
        110,
        111,
        119,
        110,
      ],
    },
  },
]
`;

exports[`rawproto basic parsing 2`] = `
Array [
  Object {
    "path": Array [
      2,
    ],
    "value": Object {
      "Bytes": Array [
        85,
        110,
        107,
        110,
        111,
        119,
        110,
      ],
    },
  },
  Object {
    "path": Array [
      2,
    ],
    "value": Object {
      "Bytes": Array [
        85,
        110,
        107,
        110,
        111,
        119,
        110,
      ],
    },
  },
]
`;

exports[`rawproto string parsing 1`] = `
Array [
  "Unknown",
  "Unknown",
]
`;
